[2026-06-27T08:03:36Z] === update_kp.py START ===
[2026-06-27T08:03:36Z] Fetching NOAA fact Kp...
[2026-06-27T08:03:36Z]   ✅ fact: 0 days
[2026-06-27T08:03:36Z] Fetching NOAA forecast Kp...
[2026-06-27T08:03:36Z]   ✅ forecast: 0 days
[2026-06-27T08:03:36Z] Result: 0 real days, 14 synthetic days
[2026-06-27T08:03:36Z] Expires: 2026-07-04
[2026-06-27T08:03:36Z] ✅ Written: D:\ПРОГНОЗ\прогноз по ексель\deploy\13\future_kp.json
[2026-06-27T08:03:36Z] Smoke test: today=2026-06-27 kp=2.0 syn=True ✅
[2026-06-27T08:03:36Z] === update_kp.py DONE ===
[2026-06-27T08:04:34Z] === update_kp.py START ===
[2026-06-27T08:04:34Z] Fetching NOAA fact Kp...
[2026-06-27T08:04:34Z]   ✅ fact: 0 days
[2026-06-27T08:04:34Z] Fetching NOAA forecast Kp...
[2026-06-27T08:04:35Z]   ✅ forecast: 0 days
[2026-06-27T08:04:35Z] Result: 0 real days, 14 synthetic days
[2026-06-27T08:04:35Z] Expires: 2026-07-04
[2026-06-27T08:04:35Z] ✅ Written: D:\ПРОГНОЗ\прогноз по ексель\deploy\13\future_kp.json
[2026-06-27T08:04:35Z] Smoke test: today=2026-06-27 kp=2.0 syn=True ✅
[2026-06-27T08:04:35Z] === update_kp.py DONE ===
[2026-06-27_11:04:33] update_kp.bat WARN 
[2026-06-27T08:04:43Z] === update_kp.py START ===
[2026-06-27T08:04:43Z] Fetching NOAA fact Kp...
[2026-06-27T08:04:43Z]   ✅ fact: 0 days
[2026-06-27T08:04:43Z] Fetching NOAA forecast Kp...
[2026-06-27T08:04:43Z]   ✅ forecast: 0 days
[2026-06-27T08:04:43Z] Result: 0 real days, 14 synthetic days
[2026-06-27T08:04:43Z] Expires: 2026-07-04
[2026-06-27T08:04:43Z] ✅ Written: D:\ПРОГНОЗ\прогноз по ексель\deploy\13\future_kp.json
[2026-06-27T08:04:43Z] Smoke test: today=2026-06-27 kp=2.0 syn=True ✅
[2026-06-27T08:04:43Z] === update_kp.py DONE ===
[2026-06-27T08:53:51Z] === update_kp.py START ===
[2026-06-27T08:53:51Z] Fetching NOAA fact Kp...
[2026-06-27T08:53:52Z]   ✅ fact: 0 days
[2026-06-27T08:53:52Z] Fetching NOAA forecast Kp...
[2026-06-27T08:53:52Z]   ✅ forecast: 0 days
[2026-06-27T08:53:52Z] Result: 0 real days, 14 synthetic days
[2026-06-27T08:53:52Z] Expires: 2026-07-04
[2026-06-27T08:53:52Z] ✅ Written: D:\ПРОГНОЗ\прогноз по ексель\deploy\13\future_kp.json
[2026-06-27T08:53:52Z] Smoke test: today=2026-06-27 kp=2.0 syn=True ✅
[2026-06-27T08:53:52Z] === update_kp.py DONE ===
[2026-06-27T08:53:57Z] === update_kp.py START ===
[2026-06-27T08:53:57Z] Fetching NOAA fact Kp...
[2026-06-27T08:53:57Z]   ✅ fact: 0 days
[2026-06-27T08:53:57Z] Fetching NOAA forecast Kp...
[2026-06-27T08:53:57Z]   ✅ forecast: 0 days
[2026-06-27T08:53:57Z] Result: 0 real days, 14 synthetic days
[2026-06-27T08:53:57Z] Expires: 2026-07-04
[2026-06-27T08:53:57Z] ✅ Written: D:\ПРОГНОЗ\прогноз по ексель\deploy\13\future_kp.json
[2026-06-27T08:53:57Z] Smoke test: today=2026-06-27 kp=2.0 syn=True ✅
[2026-06-27T08:53:57Z] === update_kp.py DONE ===
[2026-06-27_11:53:56] update_kp.bat WARN 
[2026-06-27T08:55:42Z] === update_kp.py START ===
[2026-06-27T08:55:42Z] Fetching NOAA fact Kp...
[2026-06-27T08:55:42Z]   ✅ fact: 0 days
[2026-06-27T08:55:42Z] Fetching NOAA forecast Kp...
[2026-06-27T08:55:42Z]   ✅ forecast: 0 days
[2026-06-27T08:55:42Z] Result: 0 real days, 14 synthetic days
[2026-06-27T08:55:42Z] Expires: 2026-07-04
[2026-06-27T08:55:42Z] ✅ Written: D:\ПРОГНОЗ\прогноз по ексель\deploy\13\future_kp.json
[2026-06-27T08:55:42Z] Smoke test: today=2026-06-27 kp=2.0 syn=True ✅
[2026-06-27T08:55:42Z] === update_kp.py DONE ===
[2026-06-29T05:13:36Z] === update_kp.py START ===
[2026-06-29T05:13:36Z] Fetching NOAA fact Kp...
[2026-06-29T05:13:36Z]   ✅ fact: 0 days
[2026-06-29T05:13:36Z] Fetching NOAA forecast Kp...
[2026-06-29T05:13:36Z]   ✅ forecast: 0 days
[2026-06-29T05:13:36Z] Result: 0 real days, 14 synthetic days
[2026-06-29T05:13:36Z] Expires: 2026-07-06
[2026-06-29T05:13:36Z] ✅ Written: D:\ПРОГНОЗ\прогноз по ексель\deploy\13\future_kp.json
[2026-06-29T05:13:36Z] Smoke test: today=2026-06-29 kp=2.0 syn=True ✅
[2026-06-29T05:13:36Z] === update_kp.py DONE ===
[2026-06-29_08:13:33] update_kp.bat WARN 
[2026-06-29T06:13:39Z] === update_kp.py START ===
[2026-06-29T06:13:39Z] Fetching NOAA fact Kp...
[2026-06-29T06:13:40Z]   ✅ fact: 0 days
[2026-06-29T06:13:40Z] Fetching NOAA forecast Kp...
[2026-06-29T06:13:40Z]   ✅ forecast: 0 days
[2026-06-29T06:13:40Z] Result: 0 real days, 14 synthetic days
[2026-06-29T06:13:40Z] Expires: 2026-07-06
[2026-06-29T06:13:40Z] ✅ Written: D:\ПРОГНОЗ\прогноз по ексель\deploy\13\future_kp.json
[2026-06-29T06:13:40Z] Smoke test: today=2026-06-29 kp=2.0 syn=True ✅
[2026-06-29T06:13:40Z] === update_kp.py DONE ===
[2026-06-29_09:13:36] update_kp.bat WARN 
[2026-06-30T05:03:06Z] === update_kp.py START ===
[2026-06-30T05:03:06Z] Fetching NOAA fact Kp...
[2026-06-30T05:03:07Z]   ✅ fact: 0 days
[2026-06-30T05:03:07Z] Fetching NOAA forecast Kp...
[2026-06-30T05:03:07Z]   ✅ forecast: 0 days
[2026-06-30T05:03:07Z] Result: 0 real days, 14 synthetic days
[2026-06-30T05:03:07Z] Expires: 2026-07-07
[2026-06-30T05:03:07Z] ✅ Written: D:\ПРОГНОЗ\прогноз по ексель\deploy\13\future_kp.json
[2026-06-30T05:03:07Z] Smoke test: today=2026-06-30 kp=2.0 syn=True ✅
[2026-06-30T05:03:07Z] === update_kp.py DONE ===
[2026-06-30_08:03:03] update_kp.bat WARN 
[2026-07-01_08:00:41] update_kp.bat ERROR 
[2026-07-01_13:12:07] update_kp.bat ERROR 
[2026-07-02T06:38:15Z] === update_kp.py START ===
[2026-07-02T06:38:15Z] Fetching NOAA fact Kp...
[2026-07-02T06:38:15Z]   ✅ fact: 0 days
[2026-07-02T06:38:15Z] Fetching NOAA forecast Kp...
[2026-07-02T06:38:15Z]   ✅ forecast: 0 days
[2026-07-02T06:38:15Z] Result: 0 real days, 14 synthetic days
[2026-07-02T06:38:15Z] Expires: 2026-07-09
[2026-07-02T06:38:15Z] ✅ Written: D:\ПРОГНОЗ\прогноз по ексель\deploy\13\future_kp.json
[2026-07-02T06:38:15Z] Smoke test: today=2026-07-02 kp=2.0 syn=True ✅
[2026-07-02T06:38:15Z] === update_kp.py DONE ===
[2026-07-02_09:38:14] update_kp.bat WARN 
[2026-07-02T06:54:52Z] === update_kp.py START ===
[2026-07-02T06:54:52Z] Fetching NOAA fact Kp...
[2026-07-02T06:54:53Z]   ✅ fact: 0 days
[2026-07-02T06:54:53Z] Fetching NOAA forecast Kp...
[2026-07-02T06:54:53Z]   ✅ forecast: 0 days
[2026-07-02T06:54:53Z] Result: 0 real days, 14 synthetic days
[2026-07-02T06:54:53Z] Expires: 2026-07-09
[2026-07-02T06:54:53Z] ✅ Written: D:\ПРОГНОЗ\прогноз по ексель\deploy\13\future_kp.json
[2026-07-02T06:54:53Z] Smoke test: today=2026-07-02 kp=2.0 syn=True ✅
[2026-07-02T06:54:53Z] === update_kp.py DONE ===
[2026-07-02_09:54:51] update_kp.bat WARN 
[2026-07-03_19:07:15] update_kp.bat ERROR 
[2026-07-03_19:14:37] update_kp.bat ERROR 
[2026-07-03_19:18:02] update_kp.bat ERROR 
[2026-07-03T16:23:53Z] === update_kp.py START ===
[2026-07-03T16:23:54Z]   ✅ fact: 8 days
[2026-07-03T16:23:54Z]   ✅ forecast: 4 days
[2026-07-03T16:23:54Z] Result: 4 real days, 10 synthetic days
[2026-07-03T16:23:54Z] Expires: 2026-07-10
[2026-07-03T16:23:54Z] ✅ Written: D:\ПРОГНОЗ\прогноз по ексель\deploy\13\future_kp.json
[2026-07-03T16:23:54Z] Smoke test: today=2026-07-03 kp=1.33 syn=False ✅
[2026-07-03T16:23:54Z] === update_kp.py DONE ===
[2026-07-03T16:25:38Z] === update_kp.py START ===
[2026-07-03T16:25:39Z]   ✅ fact: 8 days
[2026-07-03T16:25:39Z]   ✅ forecast: 4 days
[2026-07-03T16:25:39Z] Result: 4 real days, 10 synthetic days
[2026-07-03T16:25:39Z] Expires: 2026-07-10
[2026-07-03T16:25:39Z] ✅ Written: D:\ПРОГНОЗ\прогноз по ексель\deploy\13\future_kp.json
[2026-07-03T16:25:39Z] Smoke test: today=2026-07-03 kp=1.33 syn=False ✅
[2026-07-03T16:25:39Z] === update_kp.py DONE ===
[2026-07-03T16:26:03Z] === update_kp.py START ===
[2026-07-03T16:26:04Z]   ✅ fact: 8 days
[2026-07-03T16:26:04Z]   ✅ forecast: 4 days
[2026-07-03T16:26:04Z] Result: 4 real days, 10 synthetic days
[2026-07-03T16:26:04Z] Expires: 2026-07-10
[2026-07-03T16:26:04Z] ✅ Written: D:\ПРОГНОЗ\прогноз по ексель\deploy\13\future_kp.json
[2026-07-03T16:26:04Z] Smoke test: today=2026-07-03 kp=1.33 syn=False ✅
[2026-07-03T16:26:04Z] === update_kp.py DONE ===
[2026-07-03T16:26:07Z] === update_kp.py START ===
[2026-07-03T16:26:07Z]   ✅ fact: 8 days
[2026-07-03T16:26:07Z]   ✅ forecast: 4 days
[2026-07-03T16:26:07Z] Result: 4 real days, 10 synthetic days
[2026-07-03T16:26:07Z] Expires: 2026-07-10
[2026-07-03T16:26:07Z] ✅ Written: D:\ПРОГНОЗ\прогноз по ексель\deploy\13\future_kp.json
[2026-07-03T16:26:07Z] Smoke test: today=2026-07-03 kp=1.33 syn=False ✅
[2026-07-03T16:26:07Z] === update_kp.py DONE ===
[2026-07-03T16:26:10Z] === update_kp.py START ===
[2026-07-03T16:26:11Z]   ✅ fact: 8 days
[2026-07-03T16:26:11Z]   ✅ forecast: 4 days
[2026-07-03T16:26:11Z] Result: 4 real days, 10 synthetic days
[2026-07-03T16:26:11Z] Expires: 2026-07-10
[2026-07-03T16:26:11Z] ✅ Written: D:\ПРОГНОЗ\прогноз по ексель\deploy\13\future_kp.json
[2026-07-03T16:26:11Z] Smoke test: today=2026-07-03 kp=1.33 syn=False ✅
[2026-07-03T16:26:11Z] === update_kp.py DONE ===
[2026-07-04T05:29:38Z] === update_kp.py START ===
[2026-07-04T05:29:38Z]   ✅ fact: 8 days
[2026-07-04T05:29:38Z]   ✅ forecast: 4 days
[2026-07-04T05:29:38Z] Result: 4 real days, 10 synthetic days
[2026-07-04T05:29:38Z] Expires: 2026-07-11
[2026-07-04T05:29:38Z] ✅ Written: D:\ПРОГНОЗ\прогноз по ексель\deploy\13\future_kp.json
[2026-07-04T05:29:38Z] Smoke test: today=2026-07-04 kp=6.0 syn=False ✅
[2026-07-04T05:29:38Z] === update_kp.py DONE ===
[2026-07-04T05:30:07Z] === update_kp.py START ===
[2026-07-04T05:30:08Z]   ✅ fact: 8 days
[2026-07-04T05:30:08Z]   ✅ forecast: 4 days
[2026-07-04T05:30:08Z] Result: 4 real days, 10 synthetic days
[2026-07-04T05:30:08Z] Expires: 2026-07-11
[2026-07-04T05:30:08Z] ✅ Written: D:\ПРОГНОЗ\прогноз по ексель\deploy\13\future_kp.json
[2026-07-04T05:30:08Z] Smoke test: today=2026-07-04 kp=6.0 syn=False ✅
[2026-07-04T05:30:08Z] === update_kp.py DONE ===
[2026-07-04T18:24:14Z] === update_kp.py START ===
[2026-07-04T18:24:15Z]   ✅ fact: 8 days
[2026-07-04T18:24:15Z]   ✅ forecast: 4 days
[2026-07-04T18:24:15Z] Result: 4 real days, 10 synthetic days
[2026-07-04T18:24:15Z] Expires: 2026-07-11
[2026-07-04T18:24:15Z] ✅ Written: D:\ПРОГНОЗ\прогноз по ексель\deploy\13\future_kp.json
[2026-07-04T18:24:15Z] Smoke test: today=2026-07-04 kp=5.95 syn=False ✅
[2026-07-04T18:24:15Z] === update_kp.py DONE ===
